eng-coldwar: 98%
eng-coldwar-m2: no final file — skip
glo-migracii: 89%
glo-migracii-m2: no final file — skip
glo-sto: 91%
glo-sto-m2: 99%
his-sssr: 100%
his-sssr-m2: 70%
his-studena: 100%
his-studena-m2: 73%
phi-francia: 100%
phi-francia-m2: no final file — skip
phi-germania: 100%
phi-germania-m2: no final file — skip
pol-grajdani: 95%
pol-grajdani-m2: 100%
pol-izbori: 93%
pol-izbori-m2: 100%
pol-partii: no final file — skip
pol-partii-m2: no final file — skip

=== FINAL JUSTDONE STANDINGS (saved to C:\Users\User\Desktop\PERFORM\realms\06-university\state\benchmark\justdone-scores.txt ) ===
      70%  his-sssr-m2
      73%  his-studena-m2
      89%  glo-migracii
      91%  glo-sto
      93%  pol-izbori
      95%  pol-grajdani
      98%  eng-coldwar
      99%  glo-sto-m2
     100%  his-sssr
     100%  his-studena
     100%  phi-francia
     100%  phi-germania
     100%  pol-grajdani-m2
     100%  pol-izbori-m2
