[0918/230202.355:INFO:CONSOLE:21136] "[Termly] AutoBlocker is enabled for this website", source: https://gptzero.me/termly/resource-blocker.js (21136)
[0918/230202.355:INFO:CONSOLE:21136] "[Termly] Installing AutoBlocker overrides", source: https://gptzero.me/termly/resource-blocker.js (21136)
[0918/230202.355:INFO:CONSOLE:21146] "[Termly] Termly ResourceBlocker is not the first script on the page. You might not be blocking unapproved content.", source: https://gptzero.me/termly/resource-blocker.js (21146)
[0918/230202.854:INFO:CONSOLE:10] "[Termly] A script from %o %cmight%c not be categorized correctly because we could not tell which script added it to the page. %cIf your application is behaving properly, you may safely ignore this message%c. Otherwise, you might need to set custom domain rules in the dashboard. See %s for help.

Script URL: %o gptzero.me font-style: italic font-style: normal font-weight: bold font-weight: normal https://support.termly.io/hc/en-us/articles/32848083153169-How-to-use-Domain-Rules-to-change-Auto-Blocker-s-blocking-behavior /_next/static/chunks/18s-olppusr8i.js", source: https://gptzero.me/_next/static/chunks/0jpnjmf9rak-h.js (10)
[0918/230202.959:INFO:CONSOLE:2] "Uncaught Error: Minified React error #418; visit https://react.dev/errors/418?args[]=HTML&args[]= for the full message or use the non-minified dev environment for full errors and additional helpful warnings.", source: https://gptzero.me/_next/static/chunks/2169mmljtumsz.js (2)
[0918/230202.963:INFO:CONSOLE:10] "[Termly] AutoBlocker is enabled for this website", source: https://gptzero.me/_next/static/chunks/0jpnjmf9rak-h.js (10)
[0918/230202.964:INFO:CONSOLE:10] "[Termly] Installing AutoBlocker overrides", source: https://gptzero.me/_next/static/chunks/0jpnjmf9rak-h.js (10)
[0918/230202.966:INFO:CONSOLE:10] "[Termly] Termly ResourceBlocker is not the first script on the page. You might not be blocking unapproved content.", source: https://gptzero.me/_next/static/chunks/0jpnjmf9rak-h.js (10)
[0918/230203.011:INFO:CONSOLE:10] "[Termly] A script from %o %cmight%c not be categorized correctly because we could not tell which script added it to the page. %cIf your application is behaving properly, you may safely ignore this message%c. Otherwise, you might need to set custom domain rules in the dashboard. See %s for help.

Script URL: %o gptzero.me font-style: italic font-style: normal font-weight: bold font-weight: normal https://support.termly.io/hc/en-us/articles/32848083153169-How-to-use-Domain-Rules-to-change-Auto-Blocker-s-blocking-behavior /_next/static/chunks/3wglj_1wkzuz0.js", source: https://gptzero.me/_next/static/chunks/0jpnjmf9rak-h.js (10)
[0918/230203.013:INFO:CONSOLE:10] "[Termly] A script from %o %cmight%c not be categorized correctly because we could not tell which script added it to the page. %cIf your application is behaving properly, you may safely ignore this message%c. Otherwise, you might need to set custom domain rules in the dashboard. See %s for help.

Script URL: %o gptzero.me font-style: italic font-style: normal font-weight: bold font-weight: normal https://support.termly.io/hc/en-us/articles/32848083153169-How-to-use-Domain-Rules-to-change-Auto-Blocker-s-blocking-behavior /_next/static/chunks/0rc76h7n5_4dw.js", source: https://gptzero.me/_next/static/chunks/0jpnjmf9rak-h.js (10)
[0918/230204.614:INFO:CONSOLE:10] "[Termly] A script from %o %cmight%c not be categorized correctly because we could not tell which script added it to the page. %cIf your application is behaving properly, you may safely ignore this message%c. Otherwise, you might need to set custom domain rules in the dashboard. See %s for help.

Script URL: %o gptzero.me font-style: italic font-style: normal font-weight: bold font-weight: normal https://support.termly.io/hc/en-us/articles/32848083153169-How-to-use-Domain-Rules-to-change-Auto-Blocker-s-blocking-behavior /_next/static/chunks/2d06bdfttjv03.js", source: https://gptzero.me/_next/static/chunks/0jpnjmf9rak-h.js (10)
[0918/230204.645:INFO:CONSOLE:10] "[Termly] A script from %o %cmight%c not be categorized correctly because we could not tell which script added it to the page. %cIf your application is behaving properly, you may safely ignore this message%c. Otherwise, you might need to set custom domain rules in the dashboard. See %s for help.

Script URL: %o gptzero.me font-style: italic font-style: normal font-weight: bold font-weight: normal https://support.termly.io/hc/en-us/articles/32848083153169-How-to-use-Domain-Rules-to-change-Auto-Blocker-s-blocking-behavior /_next/static/chunks/262hd53yuvk4o.js", source: https://gptzero.me/_next/static/chunks/0jpnjmf9rak-h.js (10)
[0918/230204.652:INFO:CONSOLE:10] "Amplitude Logger [Warn]: `options.defaultTracking` is set to undefined. This implicitly configures your Amplitude instance to track Page Views, Sessions, File Downloads, and Form Interactions. You can suppress this warning by explicitly setting a value to `options.defaultTracking`. The value must either be a boolean, to enable and disable all default events, or an object, for advanced configuration. For example:

amplitude.init(<YOUR_API_KEY>, {
  defaultTracking: true,
});

Visit https://www.docs.developers.amplitude.com/data/sdks/browser-2/#tracking-default-events for more details.", source: https://gptzero.me/_next/static/chunks/0jpnjmf9rak-h.js (10)
[0918/230214.203:INFO:CONSOLE:10] "[Termly] Using standard GCM opt-in defaults", source: https://gptzero.me/_next/static/chunks/0jpnjmf9rak-h.js (10)
[0918/230214.204:INFO:CONSOLE:10] "[Termly] Region %o has consent_mode set to %o eu opt_in", source: https://gptzero.me/_next/static/chunks/0jpnjmf9rak-h.js (10)
[0918/230214.206:INFO:CONSOLE:10] "[Termly] No GVL found for this website. TCFProvider is providing noop functions.", source: https://gptzero.me/_next/static/chunks/0jpnjmf9rak-h.js (10)
[0918/230214.211:INFO:CONSOLE:10] "[Termly] Region %o has consent_mode set to %o eu opt_in", source: https://gptzero.me/_next/static/chunks/0jpnjmf9rak-h.js (10)
[0918/230225.911:INFO:CONSOLE:10] "[Termly] A script from %o %cmight%c not be categorized correctly because we could not tell which script added it to the page. %cIf your application is behaving properly, you may safely ignore this message%c. Otherwise, you might need to set custom domain rules in the dashboard. See %s for help.

Script URL: %o googleads.g.doubleclick.net font-style: italic font-style: normal font-weight: bold font-weight: normal https://support.termly.io/hc/en-us/articles/32848083153169-How-to-use-Domain-Rules-to-change-Auto-Blocker-s-blocking-behavior [object TrustedScriptURL]", source: https://gptzero.me/_next/static/chunks/0jpnjmf9rak-h.js (10)
[0918/230226.629:INFO:CONSOLE:2797] "Failed to execute 'postMessage' on 'DOMWindow': The target origin provided ('https://local.amplitude.com:3010') does not match the recipient window's origin ('https://gptzero.me').", source: https://app.gptzero.me/assets/index-Uyrg8CS2.js (2797)
[0918/230226.629:INFO:CONSOLE:2797] "Failed to execute 'postMessage' on 'DOMWindow': The target origin provided ('https://apps.stag2.amplitude.com') does not match the recipient window's origin ('https://gptzero.me').", source: https://app.gptzero.me/assets/index-Uyrg8CS2.js (2797)
[0918/230226.629:INFO:CONSOLE:2797] "Failed to execute 'postMessage' on 'DOMWindow': The target origin provided ('https://app.amplitude.com') does not match the recipient window's origin ('https://gptzero.me').", source: https://app.gptzero.me/assets/index-Uyrg8CS2.js (2797)
[0918/230226.629:INFO:CONSOLE:2797] "Failed to execute 'postMessage' on 'DOMWindow': The target origin provided ('https://app.eu.amplitude.com') does not match the recipient window's origin ('https://gptzero.me').", source: https://app.gptzero.me/assets/index-Uyrg8CS2.js (2797)
[0918/230227.132:INFO:CONSOLE:788] "Failed to execute 'postMessage' on 'DOMWindow': The target origin provided ('https://www.google.com') does not match the recipient window's origin ('https://gptzero.me').", source: https://www.googletagmanager.com/gtag/js?id=AW-11428722798 (788)
[0918/230227.132:INFO:CONSOLE:788] "Failed to execute 'postMessage' on 'DOMWindow': The target origin provided ('https://www.youtube.com') does not match the recipient window's origin ('https://gptzero.me').", source: https://www.googletagmanager.com/gtag/js?id=AW-11428722798 (788)
[0918/230227.133:INFO:CONSOLE:788] "Failed to execute 'postMessage' on 'DOMWindow': The target origin provided ('https://m.youtube.com') does not match the recipient window's origin ('https://gptzero.me').", source: https://www.googletagmanager.com/gtag/js?id=AW-11428722798 (788)
[0918/230228.075:INFO:CONSOLE:10] "[Termly] A script from %o %cmight%c not be categorized correctly because we could not tell which script added it to the page. %cIf your application is behaving properly, you may safely ignore this message%c. Otherwise, you might need to set custom domain rules in the dashboard. See %s for help.

Script URL: %o r.wdfl.co font-style: italic font-style: normal font-weight: bold font-weight: normal https://support.termly.io/hc/en-us/articles/32848083153169-How-to-use-Domain-Rules-to-change-Auto-Blocker-s-blocking-behavior https://r.wdfl.co/rw.js", source: https://gptzero.me/_next/static/chunks/0jpnjmf9rak-h.js (10)
[0918/230228.077:INFO:CONSOLE:10] "[Termly] A script from %o %cmight%c not be categorized correctly because we could not tell which script added it to the page. %cIf your application is behaving properly, you may safely ignore this message%c. Otherwise, you might need to set custom domain rules in the dashboard. See %s for help.

Script URL: %o www.googletagmanager.com font-style: italic font-style: normal font-weight: bold font-weight: normal https://support.termly.io/hc/en-us/articles/32848083153169-How-to-use-Domain-Rules-to-change-Auto-Blocker-s-blocking-behavior https://www.googletagmanager.com/gtag/js?id=G-Z6QQHT52V9", source: https://gptzero.me/_next/static/chunks/0jpnjmf9rak-h.js (10)
[0918/230228.381:INFO:CONSOLE:10] "[Termly] A script from %o %cmight%c not be categorized correctly because we could not tell which script added it to the page. %cIf your application is behaving properly, you may safely ignore this message%c. Otherwise, you might need to set custom domain rules in the dashboard. See %s for help.

Script URL: %o www.googletagmanager.com font-style: italic font-style: normal font-weight: bold font-weight: normal https://support.termly.io/hc/en-us/articles/32848083153169-How-to-use-Domain-Rules-to-change-Auto-Blocker-s-blocking-behavior [object TrustedScriptURL]", source: https://gptzero.me/_next/static/chunks/0jpnjmf9rak-h.js (10)
[0918/230228.389:INFO:CONSOLE:10] "[Termly] A script from %o %cmight%c not be categorized correctly because we could not tell which script added it to the page. %cIf your application is behaving properly, you may safely ignore this message%c. Otherwise, you might need to set custom domain rules in the dashboard. See %s for help.

Script URL: %o static.hotjar.com font-style: italic font-style: normal font-weight: bold font-weight: normal https://support.termly.io/hc/en-us/articles/32848083153169-How-to-use-Domain-Rules-to-change-Auto-Blocker-s-blocking-behavior [object TrustedScriptURL]", source: https://gptzero.me/_next/static/chunks/0jpnjmf9rak-h.js (10)
[0918/230228.391:INFO:CONSOLE:10] "[Termly] A script from %o %cmight%c not be categorized correctly because we could not tell which script added it to the page. %cIf your application is behaving properly, you may safely ignore this message%c. Otherwise, you might need to set custom domain rules in the dashboard. See %s for help.

Script URL: %o snap.licdn.com font-style: italic font-style: normal font-weight: bold font-weight: normal https://support.termly.io/hc/en-us/articles/32848083153169-How-to-use-Domain-Rules-to-change-Auto-Blocker-s-blocking-behavior [object TrustedScriptURL]", source: https://gptzero.me/_next/static/chunks/0jpnjmf9rak-h.js (10)
[0918/230228.393:INFO:CONSOLE:10] "[Termly] A script from %o %cmight%c not be categorized correctly because we could not tell which script added it to the page. %cIf your application is behaving properly, you may safely ignore this message%c. Otherwise, you might need to set custom domain rules in the dashboard. See %s for help.

Script URL: %o js-na1.hs-scripts.com font-style: italic font-style: normal font-weight: bold font-weight: normal https://support.termly.io/hc/en-us/articles/32848083153169-How-to-use-Domain-Rules-to-change-Auto-Blocker-s-blocking-behavior [object TrustedScriptURL]", source: https://gptzero.me/_next/static/chunks/0jpnjmf9rak-h.js (10)
[0918/230228.396:INFO:CONSOLE:10] "[Meta Pixel] - Duplicate Pixel ID: 1467820147127263.", source: https://gptzero.me/_next/static/chunks/0jpnjmf9rak-h.js (10)
[0918/230228.432:INFO:CONSOLE:10] "Hotjar not launching due to suspicious userAgent: Mozilla/5.0 (Windows NT 10.0; Win64; x64) AppleWebKit/537.36 (KHTML, like Gecko) HeadlessChrome/153.0.8010.12 Safari/537.36", source: https://gptzero.me/_next/static/chunks/0jpnjmf9rak-h.js (10)
[0918/230228.685:INFO:CONSOLE:10] "[Termly] A script from %o %cmight%c not be categorized correctly because we could not tell which script added it to the page. %cIf your application is behaving properly, you may safely ignore this message%c. Otherwise, you might need to set custom domain rules in the dashboard. See %s for help.

Script URL: %o www.googletagmanager.com font-style: italic font-style: normal font-weight: bold font-weight: normal https://support.termly.io/hc/en-us/articles/32848083153169-How-to-use-Domain-Rules-to-change-Auto-Blocker-s-blocking-behavior https://www.googletagmanager.com/gtag/js?id=AW-11428722798", source: https://gptzero.me/_next/static/chunks/0jpnjmf9rak-h.js (10)
[0918/230228.689:INFO:CONSOLE:10] "[Termly] A script from %o %cmight%c not be categorized correctly because we could not tell which script added it to the page. %cIf your application is behaving properly, you may safely ignore this message%c. Otherwise, you might need to set custom domain rules in the dashboard. See %s for help.

Script URL: %o snap.licdn.com font-style: italic font-style: normal font-weight: bold font-weight: normal https://support.termly.io/hc/en-us/articles/32848083153169-How-to-use-Domain-Rules-to-change-Auto-Blocker-s-blocking-behavior https://snap.licdn.com/li.lms-analytics/insight.min.js", source: https://gptzero.me/_next/static/chunks/0jpnjmf9rak-h.js (10)
[0918/230228.728:INFO:CONSOLE:10] "[Termly] A script from %o %cmight%c not be categorized correctly because we could not tell which script added it to the page. %cIf your application is behaving properly, you may safely ignore this message%c. Otherwise, you might need to set custom domain rules in the dashboard. See %s for help.

Script URL: %o  font-style: italic font-style: normal font-weight: bold font-weight: normal https://support.termly.io/hc/en-us/articles/32848083153169-How-to-use-Domain-Rules-to-change-Auto-Blocker-s-blocking-behavior about:blank", source: https://gptzero.me/_next/static/chunks/0jpnjmf9rak-h.js (10)
[0918/230228.886:ERROR:content\public\browser\web_contents_delegate.cc:315] WebContentsDelegate::CheckMediaAccessPermission: Not supported.
[0918/230228.886:ERROR:content\public\browser\web_contents_delegate.cc:315] WebContentsDelegate::CheckMediaAccessPermission: Not supported.
[0918/230229.429:INFO:CONSOLE:0] "[.WebGL-0x3714001bd400]GL Driver Message (OpenGL, Performance, GL_CLOSE_PATH_NV, High): GPU stall due to ReadPixels", source: https://newassets.hcaptcha.com/captcha/v1/c881d6344a97750d1a05f8656dbe482a70ad153a/static/hcaptcha.html#frame=challenge&id=0mw8oy1k90e&host=app.gptzero.me&sentry=true&reportapi=https%3A%2F%2Faccounts.hcaptcha.com&recaptchacompat=true&custom=false&hl=en&tplinks=on&andint=off&pstissuer=https%3A%2F%2Fpst-issuer.hcaptcha.com&sitekey=9db0aa10-d496-439a-8c60-96321f02a61a&theme=light&origin=https%3A%2F%2Fapp.gptzero.me&clientOptions=%7B%22sentry%22%3Atrue%2C%22reportapi%22%3A%22https%3A%2F%2Faccounts.hcaptcha.com%22%2C%22recaptchacompat%22%3A%22true%22%2C%22custom%22%3Afalse%2C%22hl%22%3A%22en-US%22%2C%22tplinks%22%3A%22on%22%2C%22andint%22%3A%22off%22%2C%22pat%22%3A%22on%22%2C%22pstissuer%22%3A%22https%3A%2F%2Fpst-issuer.hcaptcha.com%22%2C%22endpoint%22%3A%22https%3A%2F%2Fapi.hcaptcha.com%22%2C%22theme%22%3A%22light%22%2C%22size%22%3A%22normal%22%2C%22confirm-nav%22%3Afalse%7D (0)
[0918/230229.516:INFO:CONSOLE:2] "[object Object]", source: https://newassets.hcaptcha.com/c/cc7155f587423cd9a086bfaece7d35547b844f2a0513e75b98de86d21d27390b/hsw.js (2)
[0918/230236.617:INFO:CONSOLE:123] "Integration setup failed. Timed out waiting for Amplitude Analytics SDK to initialize.", source: https://app.gptzero.me/assets/index-Uyrg8CS2.js (123)
