=== STAGE 1: GENERATE with skill ===
  draft: 457 words

=== STAGE 2: GRAMMAR GATE ===
  [1/38] ✓ | По какво всъщност започва Студената война?...
  [2/38] ✓ | Отговорът не е толкова еднозначен, колкото изглежда....
  [3/38] ✓ | Повечето автори сочат 1947 година, когато президентът Х...
  [4/38] ✓ | Планът Маршал от 1948 г....
  [5/38] ✓ | има двояка роля....
  [6/38] ✓ | От една страна възстановява разрушената икономика на За...
  [7/38] ✗ | Но от друга затвърждава разделението на континента....
    -> FIXED
  [8/38] ✓ | Съветският съюз забранява на сателитните си държави да ...
  [9/38] ✓ | Берлинската блокада (1948–49) е пряко следствие от това...
  [10/38] ✓ | Тя обаче показва колко близо е Европа до открит сблъсък...
  [11/38] ✓ | [1]

Военните съюзи затвърждават статуквото....
  [12/38] ✓ | НАТО е учреден през 1949 г., а Варшавският договор през...
  [13/38] ✓ | Тази логика на ответните действия, известна в теорията ...
  [14/38] ✓ | Най-опасният момент настъпва през октомври 1962 г., ког...
  [15/38] ✓ | Двете суперсили стоят на прага на война, а дипломатичес...
  [16/38] ✓ | Както отбелязва историкът Джон Луис Гадис, никога преди...
  [17/38] ✓ | [2]

Седемдесетте години носят разведряване....
  [18/38] ✓ | Детантът (détente) води до подписването на SALT-1 през ...
  [19/38] ✓ | Процесът обаче е крехък....
  [20/38] ✓ | Гонката във въоръжаването продължава, макар и с по-бавн...
  [21/38] ✓ | Наивно би било да се смята, че идеологическата конфронт...
  [22/38] ✓ | Втората половина на десетилетието показва, че надеждите...
  [23/38] ✓ | Повратната точка идва от вътрешната слабост на съветска...
  [24/38] ✓ | През 1985 г....
  [25/38] ✓ | Михаил Горбачов започва реформи — гласност и перестройк...
  [26/38] ✓ | Идеята е да се модернизира социализмът, но реформите из...
  [27/38] ✓ | Източноевропейските режими, които дължат съществуването...
  [28/38] ✓ | Падането на Берлинската стена през ноември 1989 г....
  [29/38] ✓ | е символният момент, който прави края видим за целия св...
  [30/38] ✓ | Самият Горбачов по-късно признава, че не е очаквал толк...
  [31/38] ✓ | [3]

Разпадът на СССР през декември 1991 г....
  [32/38] ✓ | слага край на биполярния свят....
  [33/38] ✓ | Тук стои въпросът, който все още занимава изследователи...
  [34/38] ✓ | Повечето автори днес приемат второто....
  [35/38] ✓ | Съветският съюз се оказва икономически и политически не...
  [36/38] ✓ | Дори да приемем тезата за западната победа, тя идва по-...
  [37/38] ✓ | [4]

Така биполярният ред, който структурира световната...
  [38/38] ✓ | Остава отворен въпросът дали новата световна архитектур...

  clean: 38/38

=== STAGE 3: MICRO-REWRITE with gates ===
  [1] ✓ Всъщност, с какво е поставено началото на Студената вой...
  [2] ✓ "Не е толкова еднозначен отговорът, колкото изглежда."....
  [3] ✓ Истинските корени на конфликта сягат дълбоко до приключ...
  [4] ✓ От 1948 г. датира планът Маршал....
  [5] ✓ Ролята му е двояка....
  [6] ✓ Разрушената икономика на Западна Европа, от една страна...
  [7] ✓ От другата гледна точка обаче, точно това води до затвъ...
  [8] ✓ Поради наложената от Съветския съюз забрана на неговите...
  [9] ✓ Берлинската блокада (1948–49), чието възникване е пряко...
  [10] ✓ Обаче тя показва колко близо до открит сблъсък е Европа...
  [11] ✓ [1] Статуквото се затвърждава чрез военните съюзи....
  [12] ✓ Варшавският договор е сключен през 1955 г., формално ка...
  [13] ✓ Над следващите десетилетия доминира тази логика на отве...
  [14] ✓ С поставянето на света под ядрения чадър на взаимното у...
  [15] ✓ Дипломатическите канали едва успяват да въздържат двете...
  [16] ✓ Историкът Джон Луис Гадис отбелязва: толкова близо до р...
  [17] ✓ [2] Разведряването е привнесено от седемдесетте години....
  [18] ✓ През 1972 г. детантът (détente) доведе до подписването ...
  [19] ✓ Въпреки това, процесът е крехък....
  [20] ✓ Гонката във въоръжаването продължава, но темпото е по-б...
  [21] ✓ Смятането, че идеологическата конфронтация е изчезнала,...
  [22] ✓ Че надеждите са преждевременни, показва втората половин...
  [23] ✓ Вътрешната слабост на съветската система е причината за...
  [24] ✓ През годината 1985....
  [25] ✓ Именно Михаил Горбачов инициира реформите, известни кат...
  [26] ✓ Да се модернизира социализмът — такава е идеята, но реф...
  [27] ✓ Като домино започват да се разпадат един след друг изто...
  [28] ✓ Берлинската стена падна през ноември 1989 г....
  [29] ✓ Чрез символичния момент краят добива пълна видимост пре...
  [30] ✓ По-късно самият Горбачов прави признание, че толкова бъ...
  [31] ✓ През декември 1991 г. настъпи разпадът на СССР....
  [32] ✓ На биполярния свят се слага край....
  [33] ✓ Дали Студената война е спечелена от Запада, или просто ...
  [34] kept original
  [35] ✓ За НАТО така и не настъпва класическа военна победа, до...
  [36] ✓ Дори ако приемем тезата за западната победа, тя по-скор...
  [37] ✓ [4] Почти без кръвопролитие изчезна биполярният ред, ко...
  [38] ✓ Отворен остава въпросът дали новата световна архитектур...

FINAL: 486 words, 1 jitters

=== STYLECHECK ===
STYLECHECK REPORT
  sentences: 42
  mean_words_per_sentence: 11.7
  short_fraction(<=7w): 0.36
  paragraphs: 1
  sentence_sigma/mean: 0.56

  ISSUES (1):
   - SC-2: paragraph with 42 sentences (> 7)

VERDICT: FAIL


=== JUSTDONE ×3 ===
  scan 1: 91%
  scan 2: 79%
  scan 3: 91%

MEDIAN: 91%
