base: 25 sentences from v5 (71%, clean)
  [1/25] accepted -> В 2016 г. в България се състоя референдум....
      judge FAIL: GRAMMAR: OK  
MEANING: SMENEN  
VERDICT: FAIL
      judge FAIL: GRAMMAR: GRESHKA  
MEANING: SMENEN  
VERDICT: FAIL
  [2/25] kept-original -> показаобществото проявя интерес къ промени в изборната систе...
      judge FAIL: GRAMMAR: GRESHKA („при коята“ – правилно е „при която“; относителното местоимени
      judge FAIL: GRAMMAR: GRESHKA („осъществява“ неправилно; правилно е „осъществя“)
MEANING: OK 
  [3/25] kept-original -> Пропорционална система работи с партийни листи и разпределя ...
      judge FAIL: GRAMMAR: GRESHKA  
MEANING: OK  
VERDICT: FAIL
  [4/25] accepted -> Основа на политическата наука става именно този закон, който...
      judge FAIL: GRAMMAR: OK  
MEANING: SMENEN  
VERDICT: FAIL
      judge FAIL: GRAMMAR: GRESHKA — "по-здраво и стабилно" съдържа формално несклоняемо сравнител
  [5/25] kept-original -> Пропорционалното отражаване на гласовете е по-точно, но мажо...
      judge FAIL: GRAMMAR: OK  
MEANING: SMENEN  
VERDICT: FAIL
      judge FAIL: GRAMMAR: OK  
MEANING: SMENEN  
VERDICT: FAIL
  [6/25] kept-original -> В Нидерландия почти липсва избирателният праг, зато парламен...
  [7/25] accepted -> През 2016 г. бе проведен българският референдум....
  [8/25] accepted -> Въпрос за мажоритарни избори бе задан, само че избирателната...
      judge FAIL: GRAMMAR: GRESHKA  
MEANING: OK  
VERDICT: FAIL
      judge FAIL: GRAMMAR: GRESHKA  
MEANING: SMENEN  
VERDICT: FAIL
  [9/25] kept-original -> Смесените системи опитват да комбинират преимущества от два ...
      judge FAIL: GRAMMAR: OK  
MEANING: SMENEN  
VERDICT: FAIL
      judge FAIL: GRAMMAR: GRESHKA („партитните“ вместо „партийните“)

MEANING: OK

VERDICT: FAIL
  [10/25] kept-original -> Партийните листи, обратно, поставят централно партийно ръков...
      judge FAIL: GRAMMAR: GRESHKA („се стреми" — правилно е „стреми се" / „стреми да"; словоредът
      judge FAIL: GRAMMAR: GRESHKA
MEANING: SMENEN
VERDICT: FAIL
  [11/25] kept-original -> Тоест пропорционалната система стреми да претвори гласовете ...
  [12/25] accepted -> Стабилно и силно правителство е именно това, което тя осигур...
  [13/25] accepted -> Пряма отговорност пред всички свои избиратели носят депутати...
      judge FAIL: GRAMMAR: GRESHKA  
MEANING: OK  
VERDICT: FAIL
      judge FAIL: GRAMMAR: GRESHKA
MEANING: OK
VERDICT: FAIL
  [14/25] kept-original -> Критици на пропорционалната система говорят, че она води до ...
      judge FAIL: GRAMMAR: GRESHKA  
MEANING: OK  
VERDICT: FAIL
  [15/25] accepted -> Преговорите за коалиция в Нидерландия са толкова дълги и тру...
      judge FAIL: GRAMMAR: GRESHKA  
MEANING: OK  
VERDICT: FAIL
  [16/25] accepted -> Закон на Дюверже отбелязва, че именно мажоритарната система ...
  [17/25] accepted -> А как пропорционалната система отразява волята на народа?...
      judge FAIL: GRAMMAR: OK
MEANING: SMENEN
VERDICT: FAIL
      judge FAIL: GRAMMAR: GRESHKA
MEANING: SMENEN
VERDICT: FAIL
  [18/25] kept-original -> – Мандатите се разпределят спрямо получените проценти....
  [19/25] accepted -> Не е желязно правило законът на Дюверже, а силна тенденция....
  [20/25] accepted -> Как смесен модел може да съчетава мажоритарна и пропорционал...
  [21/25] accepted -> Избирателният праг за партии е 5% в Германия, а в България –...
  [22/25] accepted -> По примеру на Германия, в смесената система половината от ма...
      judge FAIL: GRAMMAR: GRESHKA  
MEANING: OK  
VERDICT: FAIL
      judge FAIL: GRAMMAR: GRESHKA  
MEANING: OK  
VERDICT: FAIL
  [23/25] kept-original -> Мажоритарната система, при коята победителят взима всичко в ...
  [24/25] accepted -> Как личи от историята, не всички мажоритарни системи дават и...
      judge FAIL: GRAMMAR: OK
MEANING: SMENEN
VERDICT: FAIL
      judge FAIL: GRAMMAR: GRESHKA  
MEANING: OK  
VERDICT: FAIL
  [25/25] kept-original -> Избирателният праг 5% в Германия отсява малки партии и предп...

v11: 311 words | improved 14/25 | kept-original 11 | jitter 2
V11 JustDone: 73.0%
